// Jest Snapshot v1, https://goo.gl/fbAQLP

exports[`renders correctly 1`] = `
<span>
  Mon, Jan 01, 2001, 00:00:00
</span>
`;
